<html>
<body>
<pre>
<h1>µVision Build Log</h1>
<h2>Tool Versions:</h2>
IDE-Version: µVision V5.22.0.0
Copyright (C) 2016 ARM Ltd and ARM Germany GmbH. All rights reserved.
License Information: dds dsf, dsf, LIC=----
 
Tool Versions:
Toolchain:       MDK-Lite  Version: 5.22
Toolchain Path:  C:\Keil_v5\ARM\ARMCC\Bin
C Compiler:      Armcc.exe V5.06 update 4 (build 422)
Assembler:       Armasm.exe V5.06 update 4 (build 422)
Linker/Locator:  ArmLink.exe V5.06 update 4 (build 422)
Library Manager: ArmAr.exe V5.06 update 4 (build 422)
Hex Converter:   FromElf.exe V5.06 update 4 (build 422)
CPU DLL:         SARM.DLL V5.22
Dialog DLL:      DARMP.DLL V1.53.0.0
Target DLL:      UL2ARM.DLL V1.74.10.0
Dialog DLL:      TARMP.DLL V1.53.0.0
 
<h2>Project:</h2>
D:\PICT\WORKSHOP\5 days workshop on embedded security\LICI\KEIL\lici.uvproj
Project File Date:  05/31/2017

<h2>Output:</h2>
*** Using Compiler 'V5.06 update 4 (build 422)', folder: 'C:\Keil_v5\ARM\ARMCC\Bin'
Rebuild target 'Target 1'
assembling Startup.s...
compiling lici.c...
lici.c(15): warning:  #177-D: variable "j2"  was declared but never referenced
  	unsigned int data[2]={0x0,0x0},j1,i1,m,r,j2,i2,i,j;
lici.c(15): warning:  #177-D: variable "i2"  was declared but never referenced
  	unsigned int data[2]={0x0,0x0},j1,i1,m,r,j2,i2,i,j;
lici.c(15): warning:  #177-D: variable "i"  was declared but never referenced
  	unsigned int data[2]={0x0,0x0},j1,i1,m,r,j2,i2,i,j;
lici.c(15): warning:  #177-D: variable "j"  was declared but never referenced
  	unsigned int data[2]={0x0,0x0},j1,i1,m,r,j2,i2,i,j;
lici.c(234): warning:  #1-D: last line of file ends without a newline
  }
lici.c: 5 warnings, 0 errors
linking...
Program Size: Code=2332 RO-data=32 RW-data=32 ZI-data=1256  
".\Objects\lici.axf" - 0 Error(s), 5 Warning(s).
Build Time Elapsed:  00:00:01
</pre>
</body>
</html>
